// Vitest Snapshot v1, https://vitest.dev/guide/snapshot.html

exports[`UI primitives visual baseline > badge tones render stable classes 1`] = `
<div>
  <span
    class="ui-badge"
  >
    Default
  </span>
  <span
    class="ui-badge border-accent/40 text-accent-soft bg-accent/10"
  >
    Accent
  </span>
  <span
    class="ui-badge border-danger/40 text-danger bg-danger/10"
  >
    Danger
  </span>
</div>
`;

exports[`UI primitives visual baseline > button variants render stable classes 1`] = `
<div>
  <button
    class="ui-btn-primary min-h-8 px-3 py-1.5 text-xs"
    type="button"
  >
    <span
      class="min-w-0 truncate"
    >
      Primary
    </span>
  </button>
  <button
    class="ui-btn min-h-8 px-3 py-1.5 text-xs"
    type="button"
  >
    <span
      class="min-w-0 truncate"
    >
      Secondary
    </span>
  </button>
  <button
    class="ui-btn ui-btn-danger min-h-8 px-3 py-1.5 text-xs"
    type="button"
  >
    <span
      class="min-w-0 truncate"
    >
      Danger
    </span>
  </button>
</div>
`;

exports[`UI primitives visual baseline > progress bar width reflects percent 1`] = `
<div
  aria-valuemax="100"
  aria-valuemin="0"
  aria-valuenow="63"
  class="w-full h-2 bg-panel-muted rounded-full overflow-hidden border border-border-subtle"
  role="progressbar"
>
  <div
    class="h-full bg-accent rounded-full transition-all duration-300 ease-out"
    style="width: 62.5%;"
  />
</div>
`;
